// Jest Snapshot v1, https://goo.gl/fbAQLP

exports[`Should render notfoundpage 1`] = `
<div>
  404!
</div>
`;
